---------------------------------------------------------------------------------------------------
      name:  <unnamed>
       log:  C:\Users\User\Downloads\NEW Data\ZAHR71DT\Homework 3 .log
  log type:  text
 opened on:  25 Feb 2021, 00:17:14

. use "C:\Users\User\Downloads\hprice1.dta"

. browse

. describe

Contains data from C:\Users\User\Downloads\hprice1.dta
  obs:            88                          
 vars:            10                          17 Mar 2002 12:21
---------------------------------------------------------------------------------------------------
              storage   display    value
variable name   type    format     label      variable label
---------------------------------------------------------------------------------------------------
price           float   %9.0g                 house price, $1000s
assess          float   %9.0g                 assessed value, $1000s
bdrms           byte    %9.0g                 number of bdrms
lotsize         float   %9.0g                 size of lot in square feet
sqrft           int     %9.0g                 size of house in square feet
colonial        byte    %9.0g                 =1 if home is colonial style
lprice          float   %9.0g                 log(price)
lassess         float   %9.0g                 log(assess
llotsize        float   %9.0g                 log(lotsize)
lsqrft          float   %9.0g                 log(sqrft)
---------------------------------------------------------------------------------------------------
Sorted by: 

. describe proce
variable proce not found
r(111);

. des price

              storage   display    value
variable name   type    format     label      variable label
---------------------------------------------------------------------------------------------------
price           float   %9.0g                 house price, $1000s

. des asses

              storage   display    value
variable name   type    format     label      variable label
---------------------------------------------------------------------------------------------------
assess          float   %9.0g                 assessed value, $1000s

. des bdrms

              storage   display    value
variable name   type    format     label      variable label
---------------------------------------------------------------------------------------------------
bdrms           byte    %9.0g                 number of bdrms

. sample
invalid syntax
r(198);

. sum

    Variable |        Obs        Mean    Std. Dev.       Min        Max
-------------+---------------------------------------------------------
       price |         88     293.546    102.7134        111        725
      assess |         88    315.7364    95.31444      198.7      708.6
       bdrms |         88    3.568182    .8413926          2          7
     lotsize |         88    9019.864    10174.15       1000      92681
       sqrft |         88    2013.693    577.1916       1171       3880
-------------+---------------------------------------------------------
    colonial |         88    .6931818    .4638161          0          1
      lprice |         88     5.63318    .3035727    4.70953   6.586172
     lassess |         88    5.717994    .2621131   5.291796   6.563291
    llotsize |         88    8.905104    .5440601   6.907755   11.43692
      lsqrft |         88     7.57261    .2586883   7.065613   8.263591

. summarize

    Variable |        Obs        Mean    Std. Dev.       Min        Max
-------------+---------------------------------------------------------
       price |         88     293.546    102.7134        111        725
      assess |         88    315.7364    95.31444      198.7      708.6
       bdrms |         88    3.568182    .8413926          2          7
     lotsize |         88    9019.864    10174.15       1000      92681
       sqrft |         88    2013.693    577.1916       1171       3880
-------------+---------------------------------------------------------
    colonial |         88    .6931818    .4638161          0          1
      lprice |         88     5.63318    .3035727    4.70953   6.586172
     lassess |         88    5.717994    .2621131   5.291796   6.563291
    llotsize |         88    8.905104    .5440601   6.907755   11.43692
      lsqrft |         88     7.57261    .2586883   7.065613   8.263591

. do "C:\Users\User\AppData\Local\Temp\STD3e4_000000.tmp"

. regress price colonial

      Source |       SS           df       MS      Number of obs   =        88
-------------+----------------------------------   F(1, 86)        =      1.67
       Model |  17465.8876         1  17465.8876   Prob > F        =    0.2000
    Residual |  900388.618        86  10469.6351   R-squared       =    0.0190
-------------+----------------------------------   Adj R-squared   =    0.0076
       Total |  917854.506        87  10550.0518   Root MSE        =    102.32

------------------------------------------------------------------------------
       price |      Coef.   Std. Err.      t    P>|t|     [95% Conf. Interval]
-------------+----------------------------------------------------------------
    colonial |    30.5485   23.65159     1.29   0.200     -16.4693     77.5663
       _cons |   272.3704   19.69173    13.83   0.000     233.2245    311.5162
------------------------------------------------------------------------------

. 
end of do-file

. do "C:\Users\User\AppData\Local\Temp\S
> TD3e4_000000.tmp"

. regress lprice colonial

      Source |       SS           df    
>    MS      Number of obs   =        88
-------------+--------------------------
> --------   F(1, 86)        =      2.90
       Model |  .261262177         1  .2
> 61262177   Prob > F        =    0.0924
    Residual |  7.75634134        86  .0
> 90190016   R-squared       =    0.0326
-------------+--------------------------
> --------   Adj R-squared   =    0.0213
       Total |  8.01760352        87  .0
> 92156362   Root MSE        =    .30032

----------------------------------------
> --------------------------------------
      lprice |      Coef.   Std. Err.   
>    t                                  
>         P>|t|                         
>                   [95% Con            
>                           f. Interval]
-------------+--------------------------
> --------------------------------------
    colonial |   .1181498   .0694183    
>  1.70                                 
>         0.092                         
>                  -.0198492            
>                               .2561487
       _cons |   5.551281   .0577959    
> 96.05                                 
>         0.000                         
>                   5.436386            
>                               5.666175
----------------------------------------
> --------------------------------------

. 
end of do-file

. https://usflearn.instructure.com/courses/1526152/pages/module-5-live-online-session-feb-15-9-30am
> ?module_item_id=20238035
command https is unrecognized
r(199);

. regress lprice colonial

      Source |       SS           df       MS      Number of obs   =        88
-------------+----------------------------------   F(1, 86)        =      2.90
       Model |  .261262177         1  .261262177   Prob > F        =    0.0924
    Residual |  7.75634134        86  .090190016   R-squared       =    0.0326
-------------+----------------------------------   Adj R-squared   =    0.0213
       Total |  8.01760352        87  .092156362   Root MSE        =    .30032

------------------------------------------------------------------------------
      lprice |      Coef.   Std. Err.      t    P>|t|     [95% Conf. Interval]
-------------+----------------------------------------------------------------
    colonial |   .1181498   .0694183     1.70   0.092    -.0198492    .2561487
       _cons |   5.551281   .0577959    96.05   0.000     5.436386    5.666175
------------------------------------------------------------------------------

. sum colonial

    Variable |        Obs        Mean   
>  Std. Dev.       Min        Max
-------------+--------------------------
> -------------------------------
    colonial |         88    .6931818   
>  .4638161          0          1

. sum colonial

    Variable |        Obs        Mean    Std. Dev.       Min        Max
-------------+---------------------------------------------------------
    colonial |         88    .6931818    .4638161          0          1

. describe colonial

              storage   display    value
variable name   type    format     label      variable label
---------------------------------------------------------------------------------------------------
colonial        byte    %9.0g                 =1 if home is colonial style

. do "C:\Users\User\AppData\Local\Temp\S
> TD3e4_000000.tmp"

. regress lprice bdrms

      Source |       SS           df    
>    MS      Number of obs   =        88
-------------+--------------------------
> --------   F(1, 86)        =     23.53
       Model |  1.72236345         1  1.
> 72236345   Prob > F        =    0.0000
    Residual |  6.29524007        86  .0
> 73200466   R-squared       =    0.2148
-------------+--------------------------
> --------   Adj R-squared   =    0.2057
       Total |  8.01760352        87  .0
> 92156362   Root MSE        =    .27056

----------------------------------------
> --------------------------------------
      lprice |      Coef.   Std. Err.   
>    t                                  
>         P>|t|                         
>                   [95% Con            
>                           f. Interval]
-------------+--------------------------
> --------------------------------------
       bdrms |   .1672261   .0344746    
>  4.85                                 
>         0.000                         
>                    .098693            
>                               .2357593
       _cons |   5.036487   .1263473    
> 39.86                                 
>         0.000                         
>                   4.785317            
>                               5.287657
----------------------------------------
> --------------------------------------

. 
end of do-file

. regress lprice bdrms

      Source |       SS           df       MS      Number of obs   =        88
-------------+----------------------------------   F(1, 86)        =     23.53
       Model |  1.72236345         1  1.72236345   Prob > F        =    0.0000
    Residual |  6.29524007        86  .073200466   R-squared       =    0.2148
-------------+----------------------------------   Adj R-squared   =    0.2057
       Total |  8.01760352        87  .092156362   Root MSE        =    .27056

------------------------------------------------------------------------------
      lprice |      Coef.   Std. Err.      t    P>|t|     [95% Conf. Interval]
-------------+----------------------------------------------------------------
       bdrms |   .1672261   .0344746     4.85   0.000      .098693    .2357593
       _cons |   5.036487   .1263473    39.86   0.000     4.785317    5.287657
------------------------------------------------------------------------------

. do "C:\Users\User\AppData\Local\Temp\STD3e4_000000.tmp"

. test bdrms

 ( 1)  bdrms = 0

       F(  1,    86) =   23.53
            Prob > F =    0.0000

. 
end of do-file

. do "C:\Users\User\AppData\Local\Temp\STD3e4_000000.tmp"

. regress price colonial

      Source |       SS           df       MS      Number of obs   =        88
-------------+----------------------------------   F(1, 86)        =      1.67
       Model |  17465.8876         1  17465.8876   Prob > F        =    0.2000
    Residual |  900388.618        86  10469.6351   R-squared       =    0.0190
-------------+----------------------------------   Adj R-squared   =    0.0076
       Total |  917854.506        87  10550.0518   Root MSE        =    102.32

------------------------------------------------------------------------------
       price |      Coef.   Std. Err.      t    P>|t|     [95% Conf. Interval]
-------------+----------------------------------------------------------------
    colonial |    30.5485   23.65159     1.29   0.200     -16.4693     77.5663
       _cons |   272.3704   19.69173    13.83   0.000     233.2245    311.5162
------------------------------------------------------------------------------

. 
end of do-file

. regress lprice colonial

      Source |       SS           df       MS      Number of obs   =        88
-------------+----------------------------------   F(1, 86)        =      2.90
       Model |  .261262177         1  .261262177   Prob > F        =    0.0924
    Residual |  7.75634134        86  .090190016   R-squared       =    0.0326
-------------+----------------------------------   Adj R-squared   =    0.0213
       Total |  8.01760352        87  .092156362   Root MSE        =    .30032

------------------------------------------------------------------------------
      lprice |      Coef.   Std. Err.      t    P>|t|     [95% Conf. Interval]
-------------+----------------------------------------------------------------
    colonial |   .1181498   .0694183     1.70   0.092    -.0198492    .2561487
       _cons |   5.551281   .0577959    96.05   0.000     5.436386    5.666175
------------------------------------------------------------------------------

. test colonial

 ( 1)  colonial = 0

       F(  1,    86) =    2.90
            Prob > F =    0.0924

. test bdrms
bdrms not found
r(111);

. test bdrms
bdrms not found
r(111);

. test bdrms
bdrms not found
r(111);

. test bdrms
bdrms not found
r(111);

. do "C:\Users\User\AppData\Local\Temp\STD3e4_000000.tmp"

. test bdrms
bdrms not found
r(111);

end of do-file

r(111);

. do "C:\Users\User\AppData\Local\Temp\STD3e4_000000.tmp"

. test bdrms
bdrms not found
r(111);

end of do-file

r(111);

. do "C:\Users\User\AppData\Local\Temp\STD3e4_000000.tmp"

. regress lprice bdrms

      Source |       SS           df       MS      Number of obs   =        88
-------------+----------------------------------   F(1, 86)        =     23.53
       Model |  1.72236345         1  1.72236345   Prob > F        =    0.0000
    Residual |  6.29524007        86  .073200466   R-squared       =    0.2148
-------------+----------------------------------   Adj R-squared   =    0.2057
       Total |  8.01760352        87  .092156362   Root MSE        =    .27056

------------------------------------------------------------------------------
      lprice |      Coef.   Std. Err.      t    P>|t|     [95% Conf. Interval]
-------------+----------------------------------------------------------------
       bdrms |   .1672261   .0344746     4.85   0.000      .098693    .2357593
       _cons |   5.036487   .1263473    39.86   0.000     4.785317    5.287657
------------------------------------------------------------------------------

. 
end of do-file

. do "C:\Users\User\AppData\Local\Temp\STD3e4_000000.tmp"

. test bdrms

 ( 1)  bdrms = 0

       F(  1,    86) =   23.53
            Prob > F =    0.0000

. 
end of do-file

. do "C:\Users\User\AppData\Local\Temp\STD3e4_000000.tmp"

. regress lprice bdrms

      Source |       SS           df       MS      Number of obs   =        88
-------------+----------------------------------   F(1, 86)        =     23.53
       Model |  1.72236345         1  1.72236345   Prob > F        =    0.0000
    Residual |  6.29524007        86  .073200466   R-squared       =    0.2148
-------------+----------------------------------   Adj R-squared   =    0.2057
       Total |  8.01760352        87  .092156362   Root MSE        =    .27056

------------------------------------------------------------------------------
      lprice |      Coef.   Std. Err.      t    P>|t|     [95% Conf. Interval]
-------------+----------------------------------------------------------------
       bdrms |   .1672261   .0344746     4.85   0.000      .098693    .2357593
       _cons |   5.036487   .1263473    39.86   0.000     4.785317    5.287657
------------------------------------------------------------------------------

. 
end of do-file

. do "C:\Users\User\AppData\Local\Temp\STD3e4_000000.tmp"

. regress price bdrms

      Source |       SS           df       MS      Number of obs   =        88
-------------+----------------------------------   F(1, 86)        =     29.93
       Model |  236943.094         1  236943.094   Prob > F        =    0.0000
    Residual |  680911.412        86  7917.57455   R-squared       =    0.2581
-------------+----------------------------------   Adj R-squared   =    0.2495
       Total |  917854.506        87  10550.0518   Root MSE        =    88.981

------------------------------------------------------------------------------
       price |      Coef.   Std. Err.      t    P>|t|     [95% Conf. Interval]
-------------+----------------------------------------------------------------
       bdrms |   62.02456   11.33803     5.47   0.000      39.4853    84.56383
       _cons |   72.23111   41.55327     1.74   0.086    -10.37405    154.8363
------------------------------------------------------------------------------

. 
end of do-file

. clear

. use "C:\Users\User\Downloads\hprice1.dta"

. do "C:\Users\User\AppData\Local\Temp\STD3e4_000000.tmp"

. regress lprice sqrft colonial bdrms

      Source |       SS           df       MS      Number of obs   =        88
-------------+----------------------------------   F(3, 84)        =     42.27
       Model |  4.82310612         3  1.60770204   Prob > F        =    0.0000
    Residual |   3.1944974        84  .038029731   R-squared       =    0.6016
-------------+----------------------------------   Adj R-squared   =    0.5873
       Total |  8.01760352        87  .092156362   Root MSE        =    .19501

------------------------------------------------------------------------------
      lprice |      Coef.   Std. Err.      t    P>|t|     [95% Conf. Interval]
-------------+----------------------------------------------------------------
       sqrft |   .0003881   .0000431     9.01   0.000     .0003024    .0004737
    colonial |   .0797286   .0476675     1.67   0.098    -.0150635    .1745206
       bdrms |   .0123584    .030954     0.40   0.691    -.0491969    .0739137
       _cons |   4.752387     .09638    49.31   0.000     4.560725    4.944049
------------------------------------------------------------------------------

. 
end of do-file

. do "C:\Users\User\AppData\Local\Temp\STD3e4_000000.tmp"

. test (bdrms=0) (colonial=0)

 ( 1)  bdrms = 0
 ( 2)  colonial = 0

       F(  2,    84) =    1.88
            Prob > F =    0.1584

. 
end of do-file

. save "C:\Users\User\Downloads\hprice1.dta", replace
file C:\Users\User\Downloads\hprice1.dta saved

. log close
      name:  <unnamed>
       log:  C:\Users\User\Downloads\NEW Data\ZAHR71DT\Homework 3 .log
  log type:  text
 closed on:  25 Feb 2021, 00:57:00
---------------------------------------------------------------------------------------------------
